core_cm4.h:1688:22:__NVIC_EnableIRQ	16	static
core_cm4.h:1724:22:__NVIC_DisableIRQ	16	static,ignoring_inline_asm
core_cm4.h:1816:22:__NVIC_SetPriority	16	static
timer.c:10:7:TIM3_set_periodic_event	24	static
timer.c:53:7:TIM3_wait_periodic_event	16	static
timer.c:71:6:TIM3_clear_periodic_event	16	static
timer.c:89:10:TIM3_test_periodic_event	16	static
timer.c:118:6:TIM3_set_periodic_interrupt	24	static
timer.c:176:6:TIM3_IRQHandler	16	static
timer.c:196:6:TIM3_remove_periodic_interrupt	8	static
timer.c:221:6:TIM2_init_pwm	16	static
timer.c:248:6:TIM2_set_pwm	16	static
timer.c:256:10:TIM2_get_pwm	4	static
timer.c:283:6:TIM4_init	24	static
timer.c:383:10:TIM4_pulse_capture	24	static
timer.c:459:9:TIM4_test_pulse_capture	16	static
timer.c:530:10:TIM4_get_pulse	4	static
timer.c:541:7:TIM5_Init	24	static
timer.c:566:11:TIM5_get_cnt	16	static
